[Continents]
North_America=5
South_America=2
Africa=3
Europe=5
Asia=7
Australia=2

[Territories]
Alaska,30,46,North_America,Northwest_Territory,Alberta,Kamchatka
Northwest_Territory,59,42,North_America,Alaska,Alberta,Ontario,Greenland
Alberta,58,67,North_America,Alaska,Northwest_Territory,Ontario,Western_United_States
Greenland,121,30,North_America,Northwest_Territory,Ontario,Quebec,Iceland
Ontario,80,72,North_America,Northwest_Territory,Alberta,Greenland,Quebec,Western_United_States,Eastern_United_States
Quebec,106,75,North_America,Greenland,Ontario,Eastern_United_States
Western_United_States,59,95,North_America,Alberta,Ontario,Eastern_United_States,Central_America
Eastern_United_States,84,97,North_America,Ontario,Quebec,Western_United_States,Central_America
Central_America,75,123,North_America,Western_United_States,Eastern_United_States,Venezuala
Venezuala,94,146,South_America,Central_America,Peru,Brazil
Peru,91,168,South_America,Venezuala,Brazil,Argentina
Argentina,104,203,South_America,Peru,Brazil
Brazil,115,165,South_America,Venezuala,Peru,Argentina,North_Africa
North_Africa,159,139,Africa,Brazil,Western_Europe,Southern_Europe,Egypt,East_Africa,Congo
Congo,177,164,Africa,North_Africa,East_Africa,South_Africa
South_Africa,180,186,Africa,Congo,East_Africa,Madagascar
Madagascar,207,181,Africa,East_Africa,South_Africa
East_Africa,192,153,Africa,Egypt,Middle_East,Congo,North_Africa,South_Africa,Madagascar
Egypt,181,130,Africa,Southern_Europe,North_Africa,Middle_East,East_Africa
Iceland,144,67,Europe,Greenland,Great_Britain,Scandinavia
Great_Britain,156,91,Europe,Iceland,Scandinavia,Western_Europe,Northern_Europe
Western_Europe,160,109,Europe,Great_Britain,Northern_Europe,Southern_Europe,North_Africa
Scandinavia,170,74,Europe,Iceland,Great_Britain,Northern_Europe,Ukraine
Northern_Europe,177,90,Europe,Great_Britain,Scandinavia,Ukraine,Southern_Europe,Western_Europe
Southern_Europe,184,102,Europe,Northern_Europe,Ukraine,Middle_East,Egypt,North_Africa,Western_Europe
Ukraine,202,84,Europe,Ural,Afghanistan,Middle_East,Southern_Europe,Northern_Europe,Scandinavia
Middle_East,206,123,Asia,Ukraine,Afghanistan,India,Southern_Europe,Egypt,East_Africa
Ural,243,64,Asia,Siberia,China,Afghanistan,Ukraine
Afghanistan,230,108,Asia,Ural,China,India,Middle_East,Ukraine
India,242,128,Asia,China,Siam,Afghanistan,Middle_East
Siberia,274,68,Asia,Yatusk,Irkutsk,Mongolia,China,Ural
China,269,112,Asia,Ural,Siberia,Mongolia,Siam,India,Afghanistan
Siam,270,139,Asia,China,India,Indonesia
Mongolia,296,101,Asia,Siberia,Irkutsk,Japan,China,Kamchatka
Irkutsk,299,76,Asia,Siberia,Yatusk,Kamchatka,Mongolia
Yatusk,320,52,Asia,Siberia,Irkutsk,Kamchatka
Kamchatka,344,65,Asia,Yatusk,Irkutsk,Japan,Alaska,Mongolia
Japan,322,104,Asia,Kamchatka,Mongolia
Indonesia,292,159,Australia,Siam,New_Guinea,Western_Australia
New_Guinea,329,158,Australia,Indonesia,Western_Australia,Eastern_Australia
Western_Australia,313,188,Australia,Indonesia,New_Guinea,Eastern_Australia
Eastern_Australia,334,189,Australia,Western_Australia,New_Guinea